Microchip MPLAB XC8 Compiler V2.10 ()

Linker command line:

-W-3 --edf=C:\Program Files (x86)\Microchip\xc8\v2.10\pic\dat\en_msgs.txt \
  -cs -h+dist/default/production\LabLCD.X.production.sym \
  --cmf=dist/default/production\LabLCD.X.production.cmf -z -Q16F887 \
  -oC:\Users\DAVIDV~1\AppData\Local\Temp\suvs.2 --defsym=__MPLAB_BUILD=1 \
  -Mdist/default/production/LabLCD.X.production.map -E1 -ver=XC8 \
  --acfsm=1493 -ASTACK=0110h-016Fh -pstack=STACK -ACODE=00h-07FFhx4 \
  -ASTRCODE=00h-01FFFh -ASTRING=00h-0FFhx32 -ACONST=00h-0FFhx32 \
  -AENTRY=00h-0FFhx32 -ACOMMON=070h-07Fh -ABANK0=020h-06Fh \
  -ABANK1=0A0h-0EFh -ABANK2=0110h-016Fh -ABANK3=0190h-01EFh \
  -ARAM=020h-06Fh,0A0h-0EFh,0110h-016Fh,0190h-01EFh \
  -AABS1=020h-07Fh,0A0h-0EFh,0110h-016Fh,0190h-01EFh -ASFR0=00h-01Fh \
  -ASFR1=080h-09Fh -ASFR2=0100h-010Fh -ASFR3=0180h-018Fh \
  -preset_vec=00h,intentry=04h,init,end_init -ppowerup=CODE -pcinit=CODE \
  -pfunctab=ENTRY -ACONFIG=02007h-02008h -pconfig=CONFIG -DCONFIG=2 \
  -AIDLOC=02000h-02003h -pidloc=IDLOC -DIDLOC=2 -AEEDATA=00h-0FFh/02100h \
  -peeprom_data=EEDATA -DEEDATA=2 -DCODE=2 -DSTRCODE=2 -DSTRING=2 -DCONST=2 \
  -DENTRY=2 -k C:\Users\DAVIDV~1\AppData\Local\Temp\suvs.o \
  dist/default/production\LabLCD.X.production.o 

Object code version is 3.11

Machine type is 16F887



                Name                               Link     Load   Length Selector   Space Scale
C:\Users\DAVIDV~1\AppData\Local\Temp\suvs.o
                end_init                              E        E        3        8       0
                reset_vec                             0        0        3        0       0
                config                             2007     2007        2     400E       0
dist/default/production\LabLCD.X.production.o
                cinit                                11       11        C        8       0
                intentry                              4        4        A        8       0
                text24                              89A      89A       40     1134       0
                text23                             170B     170B        6     2E16       0
                text22                             1711     1711       11     2E22       0
                text21                              7F3      7F3        C        8       0
                text20                              E23      E23      1DD     1C46       0
                text19                              A92      A92       BC     1524       0
                text18                              935      935       69     126A       0
                text17                              8DA      8DA       5B     11B4       0
                text16                              85C      85C       3E     10B8       0
                text15                             1745     1745       24     2E8A       0
                text14                             17B1     17B1       26     2F62       0
                text13                             1769     1769       24     2ED2       0
                text12                             17D7     17D7       29     2FAE       0
                text11                              C7B      C7B      1A8     18F6       0
                text10                              7CA      7CA       29        8       0
                text9                                1D       1D      361        8       0
                text8                               A16      A16       7C     142C       0
                text7                               5AE      5AE      21C        8       0
                text6                               37E      37E      230        8       0
                text5                               99E      99E       78     133C       0
                text4                               802      802       1F     1004       0
                text3                              178D     178D       24     2F1A       0
                text2                               821      821       3B     1042       0
                text1                              1722     1722       23     2E44       0
                maintext                            B4E      B4E      12D     169C       0
                cstackBANK0                          20       20       45       20       1
                cstackCOMMON                         70       70        7       70       1
                bssBANK0                             65       65        4       20       1
                bssCOMMON                            77       77        2       70       1
                strings                            1000     1000       27     2000       0

TOTAL           Name                               Link     Load   Length     Space
        CLASS   STACK          

        CLASS   CODE           
                end_init                              E        E        3         0
                cinit                                11       11        C         0
                intentry                              4        4        A         0
                reset_vec                             0        0        3         0
                text24                              89A      89A       40         0
                text23                             170B     170B        6         0
                text22                             1711     1711       11         0
                text21                              7F3      7F3        C         0
                text20                              E23      E23      1DD         0
                text19                              A92      A92       BC         0
                text18                              935      935       69         0
                text17                              8DA      8DA       5B         0
                text16                              85C      85C       3E         0
                text15                             1745     1745       24         0
                text14                             17B1     17B1       26         0
                text13                             1769     1769       24         0
                text12                             17D7     17D7       29         0
                text11                              C7B      C7B      1A8         0
                text10                              7CA      7CA       29         0
                text9                                1D       1D      361         0
                text8                               A16      A16       7C         0
                text7                               5AE      5AE      21C         0
                text6                               37E      37E      230         0
                text5                               99E      99E       78         0
                text4                               802      802       1F         0
                text3                              178D     178D       24         0
                text2                               821      821       3B         0
                text1                              1722     1722       23         0
                maintext                            B4E      B4E      12D         0

        CLASS   STRCODE        

        CLASS   STRING         
                strings                            1000     1000       27         0

        CLASS   CONST          

        CLASS   ENTRY          

        CLASS   COMMON         
                cstackCOMMON                         70       70        7         1
                bssCOMMON                            77       77        2         1

        CLASS   BANK0          
                cstackBANK0                          20       20       45         1
                bssBANK0                             65       65        4         1

        CLASS   BANK1          

        CLASS   BANK2          

        CLASS   BANK3          

        CLASS   RAM            

        CLASS   ABS1           
                abs_s1                               7E       7E        2         1

        CLASS   SFR0           

        CLASS   SFR1           

        CLASS   SFR2           

        CLASS   SFR3           

        CLASS   CONFIG         
                config                             2007     2007        2         0

        CLASS   IDLOC          

        CLASS   EEDATA         



SEGMENTS        Name                           Load    Length   Top    Selector   Space  Class     Delta

                reset_vec                      000000  000003  000003         0       0  CODE        2
                intentry                       000004  0007FB  0007FF         8       0  CODE        2
                cstackBANK0                    000020  000049  000069        20       1  BANK0       1
                cstackCOMMON                   000070  000009  000079        70       1  COMMON      1
                text4                          000802  00001F  000821      1004       0  CODE        2
                text2                          000821  00003B  00085C      1042       0  CODE        2
                text16                         00085C  00003E  00089A      10B8       0  CODE        2
                text24                         00089A  000040  0008DA      1134       0  CODE        2
                text17                         0008DA  00005B  000935      11B4       0  CODE        2
                text18                         000935  000069  00099E      126A       0  CODE        2
                text5                          00099E  000078  000A16      133C       0  CODE        2
                text8                          000A16  00007C  000A92      142C       0  CODE        2
                text19                         000A92  0000BC  000B4E      1524       0  CODE        2
                maintext                       000B4E  00012D  000C7B      169C       0  CODE        2
                text11                         000C7B  0001A8  000E23      18F6       0  CODE        2
                text20                         000E23  0001DD  001000      1C46       0  CODE        2
                strings                        001000  000027  001027      2000       0  STRING      2
                text23                         00170B  000006  001711      2E16       0  CODE        2
                text22                         001711  000011  001722      2E22       0  CODE        2
                text1                          001722  000023  001745      2E44       0  CODE        2
                text15                         001745  000024  001769      2E8A       0  CODE        2
                text13                         001769  000024  00178D      2ED2       0  CODE        2
                text3                          00178D  000024  0017B1      2F1A       0  CODE        2
                text14                         0017B1  000026  0017D7      2F62       0  CODE        2
                text12                         0017D7  000029  001800      2FAE       0  CODE        2
                config                         002007  000002  002009      400E       0  CONFIG      2


UNUSED ADDRESS RANGES

        Name                Unused          Largest block    Delta
        BANK0            0069-006F              7           1
        BANK1            00A0-00EF             50           1
        BANK2            0110-016F             60           1
        BANK3            0190-01EF             60           1
        CODE             0003-0003              1           2
                         07FF-0801              1
                         1027-170A            6E4
                         1800-1FFF            800
        COMMON           0079-007D              5           1
        CONST            0003-0003              1           2
                         07FF-0801              1
                         1027-170A            100
                         1800-1FFF            100
        EEDATA           2100-21FF            100           2
        ENTRY            0003-0003              1           2
                         07FF-0801              1
                         1027-170A            100
                         1800-1FFF            100
        IDLOC            2000-2003              4           2
        RAM              0069-006F              7           1
                         00A0-00EF             50
                         0110-016F             60
                         0190-01EF             60
        SFR0             0000-001F             20           1
        SFR1             0080-009F             20           1
        SFR2             0100-010F             10           1
        SFR3             0180-018F             10           1
        STACK            0110-016F             60           1
        STRCODE          0003-0003              1           2
                         07FF-0801              3
                         1027-170A            6E4
                         1800-1FFF            800
        STRING           0003-0003              1           2
                         07FF-0801              1
                         1027-170A            100
                         1800-1FFF            100

                                  Symbol Table

?__Umul8_16               cstackCOMMON 0075
?___awdiv                 cstackBANK0  0020
?___awmod                 cstackBANK0  0020
?___fldiv                 cstackBANK0  002E
?___flmul                 cstackBANK0  0027
?___fltol                 cstackBANK0  0041
?___xxtofl                cstackBANK0  0020
UART_Read@intro           cstackBANK0  0020
UART_Write@data           cstackCOMMON 0075
_ADCON0                   (abs)        001F
_ADCON0bits               (abs)        001F
_ADCON1                   (abs)        009F
_ADCON1bits               (abs)        009F
_ADCchannel               bssCOMMON    0078
_ADCval1                  bssBANK0     0068
_ADCval2                  bssBANK0     0067
_ADRESH                   (abs)        001E
_ANSEL                    (abs)        0188
_ANSELH                   (abs)        0189
_BAUDCTLbits              (abs)        0187
_CREN                     (abs)        00C4
_INTCON                   (abs)        000B
_ISR                      text24       089A
_PIE1bits                 (abs)        008C
_PIR1bits                 (abs)        000C
_RA0                      (abs)        0028
_RA1                      (abs)        0029
_RA2                      (abs)        002A
_RA3                      (abs)        002B
_RA4                      (abs)        002C
_RA5                      (abs)        002D
_RA6                      (abs)        002E
_RA7                      (abs)        002F
_RCIF                     (abs)        0065
_RCREG                    (abs)        001A
_RCSTAbits                (abs)        0018
_RD0                      (abs)        0040
_RD1                      (abs)        0041
_SPBRG                    (abs)        0099
_SPEN                     (abs)        00C7
_SYNC                     (abs)        04C4
_TRISA                    (abs)        0085
_TRISB                    (abs)        0086
_TRISC6                   (abs)        043E
_TRISC7                   (abs)        043F
_TRISD                    (abs)        0088
_TRMT                     (abs)        04C1
_TXEN                     (abs)        04C5
_TXREG                    (abs)        0019
_TXSTAbits                (abs)        0098
_UART_Data_Ready          text23       170B
_UART_Read                text22       1711
_UART_Write               text21       07F3
__CFG_BOR4V$BOR40V        (abs)        0000
__CFG_BOREN$OFF           (abs)        0000
__CFG_CP$OFF              (abs)        0000
__CFG_CPD$OFF             (abs)        0000
__CFG_FCMEN$OFF           (abs)        0000
__CFG_FOSC$INTRC_NOCLKOUT (abs)        0000
__CFG_IESO$OFF            (abs)        0000
__CFG_LVP$OFF             (abs)        0000
__CFG_MCLRE$OFF           (abs)        0000
__CFG_PWRTE$OFF           (abs)        0000
__CFG_WDTE$OFF            (abs)        0000
__CFG_WRT$OFF             (abs)        0000
__Habs1                   abs1         0000
__Hbank0                  bank0        0000
__Hbank1                  bank1        0000
__Hbank2                  bank2        0000
__Hbank3                  bank3        0000
__HbssBANK0               bssBANK0     0000
__HbssCOMMON              bssCOMMON    0000
__Hcinit                  cinit        001D
__Hclrtext                clrtext      0000
__Hcode                   code         0000
__Hcommon                 common       0000
__Hconfig                 config       2009
__HcstackBANK0            cstackBANK0  0000
__HcstackCOMMON           cstackCOMMON 0000
__Heeprom_data            eeprom_data  0000
__Hend_init               end_init     0011
__Hfunctab                functab      0000
__Hidloc                  idloc        0000
__Hinit                   init         000E
__Hintentry               intentry     000E
__Hmaintext               maintext     0000
__Hpowerup                powerup      0000
__Hram                    ram          0000
__Hreset_vec              reset_vec    0003
__Hsfr0                   sfr0         0000
__Hsfr1                   sfr1         0000
__Hsfr2                   sfr2         0000
__Hsfr3                   sfr3         0000
__Hspace_0                (abs)        2009
__Hspace_1                (abs)        0079
__Hspace_2                (abs)        0000
__Hspace_3                (abs)        0000
__Hstack                  stack        0000
__Hstrings                strings      0000
__Htext                   text         0000
__Labs1                   abs1         0000
__Lbank0                  bank0        0000
__Lbank1                  bank1        0000
__Lbank2                  bank2        0000
__Lbank3                  bank3        0000
__LbssBANK0               bssBANK0     0000
__LbssCOMMON              bssCOMMON    0000
__Lcinit                  cinit        0011
__Lclrtext                clrtext      0000
__Lcode                   code         0000
__Lcommon                 common       0000
__Lconfig                 config       2007
__LcstackBANK0            cstackBANK0  0000
__LcstackCOMMON           cstackCOMMON 0000
__Leeprom_data            eeprom_data  0000
__Lend_init               end_init     000E
__Lfunctab                functab      0000
__Lidloc                  idloc        0000
__Linit                   init         000E
__Lintentry               intentry     0004
__Lmaintext               maintext     0000
__Lpowerup                powerup      0000
__Lram                    ram          0000
__Lreset_vec              reset_vec    0000
__Lsfr0                   sfr0         0000
__Lsfr1                   sfr1         0000
__Lsfr2                   sfr2         0000
__Lsfr3                   sfr3         0000
__Lspace_0                (abs)        0000
__Lspace_1                (abs)        0000
__Lspace_2                (abs)        0000
__Lspace_3                (abs)        0000
__Lstack                  stack        0000
__Lstrings                strings      0000
__Ltext                   text         0000
__S0                      (abs)        2009
__S1                      (abs)        0079
__S2                      (abs)        0000
__S3                      (abs)        0000
__Umul8_16                text10       07CA
__Umul8_16@multiplicand   cstackCOMMON 0075
__Umul8_16@multiplier     cstackBANK0  0026
__Umul8_16@product        cstackBANK0  0022
__Umul8_16@word_mpld      cstackBANK0  0024
___awdiv                  text18       0935
___awdiv@counter          cstackBANK0  0024
___awdiv@dividend         cstackBANK0  0022
___awdiv@divisor          cstackBANK0  0020
___awdiv@quotient         cstackBANK0  0026
___awdiv@sign             cstackBANK0  0025
___awmod                  text17       08DA
___awmod@counter          cstackBANK0  0024
___awmod@dividend         cstackBANK0  0022
___awmod@divisor          cstackBANK0  0020
___awmod@sign             cstackBANK0  0025
___fldiv                  text20       0E23
___fldiv@a                cstackBANK0  002E
___fldiv@aexp             cstackBANK0  0047
___fldiv@b                cstackBANK0  0032
___fldiv@bexp             cstackBANK0  0046
___fldiv@grs              cstackBANK0  0042
___fldiv@new_exp          cstackBANK0  0040
___fldiv@rem              cstackBANK0  003B
___fldiv@sign             cstackBANK0  003F
___flmul                  text9        001D
___flmul@a                cstackBANK0  002B
___flmul@aexp             cstackBANK0  0035
___flmul@b                cstackBANK0  0027
___flmul@bexp             cstackBANK0  003A
___flmul@grs              cstackBANK0  0036
___flmul@prod             cstackBANK0  003B
___flmul@sign             cstackBANK0  0034
___flmul@temp             cstackBANK0  003F
___fltol                  text8        0A16
___fltol@exp1             cstackBANK0  004B
___fltol@f1               cstackBANK0  0041
___fltol@sign1            cstackBANK0  004A
___int_sp                 stack        0000
___latbits                (abs)        0002
___sp                     stack        0000
___stackhi                (abs)        0000
___stacklo                (abs)        0000
___xxtofl                 text19       0A92
___xxtofl@arg             cstackBANK0  002A
___xxtofl@exp             cstackBANK0  0029
___xxtofl@sign            cstackBANK0  0028
___xxtofl@val             cstackBANK0  0020
__end_of_ISR              text24       08DA
__end_of_UART_Data_Ready  text23       1711
__end_of_UART_Read        text22       1722
__end_of_UART_Write       text21       07FF
__end_of__Umul8_16        text10       07F3
__end_of___awdiv          text18       099E
__end_of___awmod          text17       0935
__end_of___fldiv          text20       1000
__end_of___flmul          text9        037E
__end_of___fltol          text8        0A92
__end_of___xxtofl         text19       0B4E
__end_of__initialization  cinit        0019
__end_of__stringtab       strings      1006
__end_of_cntdisp          text11       0E23
__end_of_dispval1         text7        07CA
__end_of_dispval2         text6        05AE
__end_of_initADC          text5        0A16
__end_of_lcd_cursor_set   text14       17D7
__end_of_lcd_databits     text16       089A
__end_of_lcd_inst         text15       1769
__end_of_lcd_start        text2        085C
__end_of_lcd_stinst1      text4        0821
__end_of_lcd_stinst5      text3        17B1
__end_of_lcd_writechar    text13       178D
__end_of_lcd_wstring      text12       1800
__end_of_main             maintext     0C7B
__end_of_usart_setup      text1        1745
__initialization          cinit        0011
__pbssBANK0               bssBANK0     0065
__pbssCOMMON              bssCOMMON    0077
__pcstackBANK0            cstackBANK0  0020
__pcstackCOMMON           cstackCOMMON 0070
__pintentry               intentry     0004
__pmaintext               maintext     0B4E
__pstrings                strings      1000
__ptext1                  text1        1722
__ptext10                 text10       07CA
__ptext11                 text11       0C7B
__ptext12                 text12       17D7
__ptext13                 text13       1769
__ptext14                 text14       17B1
__ptext15                 text15       1745
__ptext16                 text16       085C
__ptext17                 text17       08DA
__ptext18                 text18       0935
__ptext19                 text19       0A92
__ptext2                  text2        0821
__ptext20                 text20       0E23
__ptext21                 text21       07F3
__ptext22                 text22       1711
__ptext23                 text23       170B
__ptext24                 text24       089A
__ptext3                  text3        178D
__ptext4                  text4        0802
__ptext5                  text5        099E
__ptext6                  text6        037E
__ptext7                  text7        05AE
__ptext8                  text8        0A16
__ptext9                  text9        001D
__size_of_ISR             (abs)        0000
__size_of_UART_Data_Ready (abs)        0000
__size_of_UART_Read       (abs)        0000
__size_of_UART_Write      (abs)        0000
__size_of__Umul8_16       (abs)        0000
__size_of___awdiv         (abs)        0000
__size_of___awmod         (abs)        0000
__size_of___fldiv         (abs)        0000
__size_of___flmul         (abs)        0000
__size_of___fltol         (abs)        0000
__size_of___xxtofl        (abs)        0000
__size_of_cntdisp         (abs)        0000
__size_of_dispval1        (abs)        0000
__size_of_dispval2        (abs)        0000
__size_of_initADC         (abs)        0000
__size_of_lcd_cursor_set  (abs)        0000
__size_of_lcd_databits    (abs)        0000
__size_of_lcd_inst        (abs)        0000
__size_of_lcd_start       (abs)        0000
__size_of_lcd_stinst1     (abs)        0000
__size_of_lcd_stinst5     (abs)        0000
__size_of_lcd_writechar   (abs)        0000
__size_of_lcd_wstring     (abs)        0000
__size_of_main            (abs)        0000
__size_of_usart_setup     (abs)        0000
__stringbase              strings      1005
__stringtab               strings      1000
_cntdisp                  text11       0C7B
_contador                 bssBANK0     0066
_dispval1                 text7        05AE
_dispval2                 text6        037E
_initADC                  text5        099E
_lcd_cursor_set           text14       17B1
_lcd_databits             text16       085C
_lcd_inst                 text15       1745
_lcd_start                text2        0821
_lcd_stinst1              text4        0802
_lcd_stinst5              text3        178D
_lcd_writechar            text13       1769
_lcd_wstring              text12       17D7
_main                     maintext     0B4E
_recived                  bssBANK0     0065
_send                     bssCOMMON    0077
_usart_setup              text1        1722
btemp                     (abs)        007E
cntdisp@datac             cstackBANK0  0030
cntdisp@ent1              cstackBANK0  002A
cntdisp@ent2              cstackBANK0  002C
cntdisp@ent3              cstackBANK0  002E
cntdisp@vals              cstackBANK0  0031
dispval1@dataf            cstackBANK0  004C
dispval1@dec1             cstackBANK0  0052
dispval1@dec2             cstackBANK0  0050
dispval1@ent              cstackBANK0  0054
dispval1@vals             cstackBANK0  0056
dispval2@dataf            cstackBANK0  004C
dispval2@dec1             cstackBANK0  0053
dispval2@dec2             cstackBANK0  0051
dispval2@ent              cstackBANK0  0055
dispval2@vals             cstackBANK0  0057
end_of_initialization     cinit        0019
initADC@var1              cstackBANK0  0020
interrupt_function        intentry     0004
intlevel0                 functab      0000
intlevel1                 functab      0000
intlevel2                 functab      0000
intlevel3                 functab      0000
intlevel4                 functab      0000
intlevel5                 functab      0000
lcd_cursor_set@a          cstackBANK0  0025
lcd_cursor_set@x          cstackBANK0  0024
lcd_cursor_set@y          cstackBANK0  0022
lcd_databits@data         cstackCOMMON 0075
lcd_inst@iord             cstackCOMMON 0076
lcd_stinst1@iord          cstackBANK0  0020
lcd_stinst5@iord          cstackCOMMON 0076
lcd_writechar@m           cstackCOMMON 0076
lcd_wstring@a             cstackBANK0  0024
lcd_wstring@i             cstackBANK0  0022
main@valf1                cstackBANK0  005D
main@valf2                cstackBANK0  0061
reset_vec                 reset_vec    0000
saved_w                   (abs)        007E
start                     init         000E
start_initialization      cinit        0011
wtemp0                    (abs)        007E


FUNCTION INFORMATION:

 *************** function _main *****************
 Defined at:
		line 109 in file "LabLCDisp.c"
 Parameters:    Size  Location     Type
		None
 Auto vars:     Size  Location     Type
  valf2           4   65[BANK0 ] float 
  valf1           4   61[BANK0 ] float 
  ancha           1    0        unsigned char 
 Return value:  Size  Location     Type
                  1    wreg      void 
 Registers used:
		wreg, fsr0l, fsr0h, status,2, status,0, btemp+1, pclath, cstack
 Tracked objects:
		On entry : 
		On exit  : 
		Unchanged: 
 Data sizes:     COMMON   BANK0   BANK1   BANK3   BANK2
      Params:         0       0       0       0       0
      Locals:         0       9       0       0       0
      Temps:          0       4       0       0       0
      Totals:         0      13       0       0       0
Total ram usage:       13 bytes
 Hardware stack levels required when called:    5
 This function calls:
		_UART_Data_Ready
		_UART_Read
		_UART_Write
		___fldiv
		___xxtofl
		_cntdisp
		_dispval1
		_dispval2
		_initADC
		_lcd_cursor_set
		_lcd_start
		_lcd_wstring
		_usart_setup
 This function is called by:
		Startup code after reset
 This function uses a non-reentrant model


 *************** function _usart_setup *****************
 Defined at:
		line 12 in file "usartlib.c"
 Parameters:    Size  Location     Type
		None
 Auto vars:     Size  Location     Type
		None
 Return value:  Size  Location     Type
                  1    wreg      void 
 Registers used:
		wreg
 Tracked objects:
		On entry : 
		On exit  : 
		Unchanged: 
 Data sizes:     COMMON   BANK0   BANK1   BANK3   BANK2
      Params:         0       0       0       0       0
      Locals:         0       0       0       0       0
      Temps:          0       0       0       0       0
      Totals:         0       0       0       0       0
Total ram usage:        0 bytes
 Hardware stack levels used:    1
 Hardware stack levels required when called:    1
 This function calls:
		Nothing
 This function is called by:
		_main
 This function uses a non-reentrant model


 *************** function _lcd_start *****************
 Defined at:
		line 109 in file "LCDISPLIBLB3.c"
 Parameters:    Size  Location     Type
		None
 Auto vars:     Size  Location     Type
		None
 Return value:  Size  Location     Type
                  1    wreg      void 
 Registers used:
		wreg, status,2, status,0, pclath, cstack
 Tracked objects:
		On entry : 
		On exit  : 
		Unchanged: 
 Data sizes:     COMMON   BANK0   BANK1   BANK3   BANK2
      Params:         0       0       0       0       0
      Locals:         0       0       0       0       0
      Temps:          0       2       0       0       0
      Totals:         0       2       0       0       0
Total ram usage:        2 bytes
 Hardware stack levels used:    1
 Hardware stack levels required when called:    3
 This function calls:
		_lcd_inst
		_lcd_stinst1
		_lcd_stinst5
 This function is called by:
		_main
 This function uses a non-reentrant model


 *************** function _lcd_stinst5 *****************
 Defined at:
		line 81 in file "LCDISPLIBLB3.c"
 Parameters:    Size  Location     Type
  iord            1    wreg     unsigned char 
 Auto vars:     Size  Location     Type
  iord            1    6[COMMON] unsigned char 
 Return value:  Size  Location     Type
                  1    wreg      void 
 Registers used:
		wreg, status,2, status,0, pclath, cstack
 Tracked objects:
		On entry : 
		On exit  : 
		Unchanged: 
 Data sizes:     COMMON   BANK0   BANK1   BANK3   BANK2
      Params:         0       0       0       0       0
      Locals:         1       0       0       0       0
      Temps:          0       2       0       0       0
      Totals:         1       2       0       0       0
Total ram usage:        3 bytes
 Hardware stack levels used:    1
 Hardware stack levels required when called:    2
 This function calls:
		_lcd_databits
 This function is called by:
		_lcd_start
 This function uses a non-reentrant model


 *************** function _lcd_stinst1 *****************
 Defined at:
		line 90 in file "LCDISPLIBLB3.c"
 Parameters:    Size  Location     Type
  iord            1    wreg     unsigned char 
 Auto vars:     Size  Location     Type
  iord            1    0[BANK0 ] unsigned char 
 Return value:  Size  Location     Type
                  1    wreg      void 
 Registers used:
		wreg, status,2, status,0, pclath, cstack
 Tracked objects:
		On entry : 
		On exit  : 
		Unchanged: 
 Data sizes:     COMMON   BANK0   BANK1   BANK3   BANK2
      Params:         0       0       0       0       0
      Locals:         0       1       0       0       0
      Temps:          1       0       0       0       0
      Totals:         1       1       0       0       0
Total ram usage:        2 bytes
 Hardware stack levels used:    1
 Hardware stack levels required when called:    2
 This function calls:
		_lcd_databits
 This function is called by:
		_lcd_start
 This function uses a non-reentrant model


 *************** function _initADC *****************
 Defined at:
		line 12 in file "adclib.c"
 Parameters:    Size  Location     Type
  var1            1    wreg     unsigned char 
 Auto vars:     Size  Location     Type
  var1            1    0[BANK0 ] unsigned char 
 Return value:  Size  Location     Type
                  1    wreg      void 
 Registers used:
		wreg, fsr0l, fsr0h, status,2, status,0
 Tracked objects:
		On entry : 
		On exit  : 
		Unchanged: 
 Data sizes:     COMMON   BANK0   BANK1   BANK3   BANK2
      Params:         0       0       0       0       0
      Locals:         0       1       0       0       0
      Temps:          2       0       0       0       0
      Totals:         2       1       0       0       0
Total ram usage:        3 bytes
 Hardware stack levels used:    1
 Hardware stack levels required when called:    1
 This function calls:
		Nothing
 This function is called by:
		_main
 This function uses a non-reentrant model


 *************** function _dispval2 *****************
 Defined at:
		line 395 in file "LabLCDisp.c"
 Parameters:    Size  Location     Type
  dataf           4   44[BANK0 ] float 
 Auto vars:     Size  Location     Type
  vals            2   55[BANK0 ] int 
  ent             2   53[BANK0 ] int 
  dec1            2   51[BANK0 ] int 
  dec2            2   49[BANK0 ] int 
 Return value:  Size  Location     Type
                  1    wreg      void 
 Registers used:
		wreg, fsr0l, fsr0h, status,2, status,0, btemp+1, pclath, cstack
 Tracked objects:
		On entry : 
		On exit  : 
		Unchanged: 
 Data sizes:     COMMON   BANK0   BANK1   BANK3   BANK2
      Params:         0       4       0       0       0
      Locals:         0       8       0       0       0
      Temps:          0       1       0       0       0
      Totals:         0      13       0       0       0
Total ram usage:       13 bytes
 Hardware stack levels used:    1
 Hardware stack levels required when called:    4
 This function calls:
		___awdiv
		___awmod
		___flmul
		___fltol
		_lcd_cursor_set
		_lcd_wstring
 This function is called by:
		_main
 This function uses a non-reentrant model


 *************** function _dispval1 *****************
 Defined at:
		line 273 in file "LabLCDisp.c"
 Parameters:    Size  Location     Type
  dataf           4   44[BANK0 ] float 
 Auto vars:     Size  Location     Type
  vals            2   54[BANK0 ] int 
  ent             2   52[BANK0 ] int 
  dec1            2   50[BANK0 ] int 
  dec2            2   48[BANK0 ] int 
 Return value:  Size  Location     Type
                  1    wreg      void 
 Registers used:
		wreg, fsr0l, fsr0h, status,2, status,0, btemp+1, pclath, cstack
 Tracked objects:
		On entry : 
		On exit  : 
		Unchanged: 
 Data sizes:     COMMON   BANK0   BANK1   BANK3   BANK2
      Params:         0       4       0       0       0
      Locals:         0       8       0       0       0
      Temps:          0       0       0       0       0
      Totals:         0      12       0       0       0
Total ram usage:       12 bytes
 Hardware stack levels used:    1
 Hardware stack levels required when called:    4
 This function calls:
		___awdiv
		___awmod
		___flmul
		___fltol
		_lcd_cursor_set
		_lcd_wstring
 This function is called by:
		_main
 This function uses a non-reentrant model


 *************** function ___fltol *****************
 Defined at:
		line 43 in file "C:\Program Files (x86)\Microchip\xc8\v2.10\pic\sources\c90\common\fltol.c"
 Parameters:    Size  Location     Type
  f1              4   33[BANK0 ] void 
 Auto vars:     Size  Location     Type
  exp1            1   43[BANK0 ] unsigned char 
  sign1           1   42[BANK0 ] unsigned char 
 Return value:  Size  Location     Type
                  4   33[BANK0 ] long 
 Registers used:
		wreg, status,2, status,0
 Tracked objects:
		On entry : 
		On exit  : 
		Unchanged: 
 Data sizes:     COMMON   BANK0   BANK1   BANK3   BANK2
      Params:         0       4       0       0       0
      Locals:         0       2       0       0       0
      Temps:          0       5       0       0       0
      Totals:         0      11       0       0       0
Total ram usage:       11 bytes
 Hardware stack levels used:    1
 Hardware stack levels required when called:    1
 This function calls:
		Nothing
 This function is called by:
		_dispval1
		_dispval2
 This function uses a non-reentrant model


 *************** function ___flmul *****************
 Defined at:
		line 8 in file "C:\Program Files (x86)\Microchip\xc8\v2.10\pic\sources\c90\common\sprcmul.c"
 Parameters:    Size  Location     Type
  b               4    7[BANK0 ] long 
  a               4   11[BANK0 ] long 
 Auto vars:     Size  Location     Type
  prod            4   27[BANK0 ] struct .
  grs             4   22[BANK0 ] unsigned long 
  temp            2   31[BANK0 ] struct .
  bexp            1   26[BANK0 ] unsigned char 
  aexp            1   21[BANK0 ] unsigned char 
  sign            1   20[BANK0 ] unsigned char 
 Return value:  Size  Location     Type
                  4    7[BANK0 ] unsigned char 
 Registers used:
		wreg, status,2, status,0, btemp+1, pclath, cstack
 Tracked objects:
		On entry : 
		On exit  : 
		Unchanged: 
 Data sizes:     COMMON   BANK0   BANK1   BANK3   BANK2
      Params:         0       8       0       0       0
      Locals:         0      13       0       0       0
      Temps:          0       5       0       0       0
      Totals:         0      26       0       0       0
Total ram usage:       26 bytes
 Hardware stack levels used:    1
 Hardware stack levels required when called:    2
 This function calls:
		__Umul8_16
 This function is called by:
		_dispval1
		_dispval2
 This function uses a non-reentrant model


 *************** function __Umul8_16 *****************
 Defined at:
		line 4 in file "C:\Program Files (x86)\Microchip\xc8\v2.10\pic\sources\c90\common\Umul8_16.c"
 Parameters:    Size  Location     Type
  multiplier      1    wreg     unsigned char 
  multiplicand    1    5[COMMON] unsigned char 
 Auto vars:     Size  Location     Type
  multiplier      1    6[BANK0 ] unsigned char 
  word_mpld       2    4[BANK0 ] unsigned int 
  product         2    2[BANK0 ] unsigned int 
 Return value:  Size  Location     Type
                  2    5[COMMON] unsigned int 
 Registers used:
		wreg, status,2, status,0
 Tracked objects:
		On entry : 
		On exit  : 
		Unchanged: 
 Data sizes:     COMMON   BANK0   BANK1   BANK3   BANK2
      Params:         2       0       0       0       0
      Locals:         0       5       0       0       0
      Temps:          0       2       0       0       0
      Totals:         2       7       0       0       0
Total ram usage:        9 bytes
 Hardware stack levels used:    1
 Hardware stack levels required when called:    1
 This function calls:
		Nothing
 This function is called by:
		___flmul
 This function uses a non-reentrant model


 *************** function _cntdisp *****************
 Defined at:
		line 165 in file "LabLCDisp.c"
 Parameters:    Size  Location     Type
  datac           1    wreg     unsigned char 
 Auto vars:     Size  Location     Type
  datac           1   16[BANK0 ] unsigned char 
  vals            2   17[BANK0 ] int 
  ent3            2   14[BANK0 ] int 
  ent2            2   12[BANK0 ] int 
  ent1            2   10[BANK0 ] int 
 Return value:  Size  Location     Type
                  1    wreg      void 
 Registers used:
		wreg, fsr0l, fsr0h, status,2, status,0, pclath, cstack
 Tracked objects:
		On entry : 
		On exit  : 
		Unchanged: 
 Data sizes:     COMMON   BANK0   BANK1   BANK3   BANK2
      Params:         0       0       0       0       0
      Locals:         0       9       0       0       0
      Temps:          0       2       0       0       0
      Totals:         0      11       0       0       0
Total ram usage:       11 bytes
 Hardware stack levels used:    1
 Hardware stack levels required when called:    4
 This function calls:
		___awdiv
		___awmod
		_lcd_cursor_set
		_lcd_wstring
 This function is called by:
		_main
 This function uses a non-reentrant model


 *************** function _lcd_wstring *****************
 Defined at:
		line 151 in file "LCDISPLIBLB3.c"
 Parameters:    Size  Location     Type
  a               1    wreg     PTR unsigned char 
		 -> STR_97(2), STR_96(2), STR_95(2), STR_94(2), 
		 -> STR_93(2), STR_92(2), STR_91(2), STR_90(2), 
		 -> STR_89(2), STR_88(2), STR_87(2), STR_86(2), 
		 -> STR_85(2), STR_84(2), STR_83(2), STR_82(2), 
		 -> STR_81(2), STR_80(2), STR_79(2), STR_78(2), 
		 -> STR_77(2), STR_76(2), STR_75(2), STR_74(2), 
		 -> STR_73(2), STR_72(2), STR_71(2), STR_70(2), 
		 -> STR_69(2), STR_68(2), STR_67(2), STR_66(2), 
		 -> STR_65(2), STR_64(2), STR_63(2), STR_62(2), 
		 -> STR_61(2), STR_60(2), STR_59(2), STR_58(2), 
		 -> STR_57(2), STR_56(2), STR_55(2), STR_54(2), 
		 -> STR_53(2), STR_52(2), STR_51(2), STR_50(2), 
		 -> STR_49(2), STR_48(2), STR_47(2), STR_46(2), 
		 -> STR_45(2), STR_44(2), STR_43(2), STR_42(2), 
		 -> STR_41(2), STR_40(2), STR_39(2), STR_38(2), 
		 -> STR_37(2), STR_36(2), STR_35(2), STR_34(2), 
		 -> STR_33(2), STR_32(2), STR_31(2), STR_30(2), 
		 -> STR_29(2), STR_28(2), STR_27(2), STR_26(2), 
		 -> STR_25(2), STR_24(2), STR_23(2), STR_22(2), 
		 -> STR_21(2), STR_20(2), STR_19(2), STR_18(2), 
		 -> STR_17(2), STR_16(2), STR_15(2), STR_14(2), 
		 -> STR_13(2), STR_12(2), STR_11(2), STR_10(2), 
		 -> STR_9(2), STR_8(2), STR_7(2), STR_6(2), 
		 -> STR_5(2), STR_4(2), STR_3(5), STR_2(4), 
		 -> STR_1(4), 
 Auto vars:     Size  Location     Type
  a               1    4[BANK0 ] PTR unsigned char 
		 -> STR_97(2), STR_96(2), STR_95(2), STR_94(2), 
		 -> STR_93(2), STR_92(2), STR_91(2), STR_90(2), 
		 -> STR_89(2), STR_88(2), STR_87(2), STR_86(2), 
		 -> STR_85(2), STR_84(2), STR_83(2), STR_82(2), 
		 -> STR_81(2), STR_80(2), STR_79(2), STR_78(2), 
		 -> STR_77(2), STR_76(2), STR_75(2), STR_74(2), 
		 -> STR_73(2), STR_72(2), STR_71(2), STR_70(2), 
		 -> STR_69(2), STR_68(2), STR_67(2), STR_66(2), 
		 -> STR_65(2), STR_64(2), STR_63(2), STR_62(2), 
		 -> STR_61(2), STR_60(2), STR_59(2), STR_58(2), 
		 -> STR_57(2), STR_56(2), STR_55(2), STR_54(2), 
		 -> STR_53(2), STR_52(2), STR_51(2), STR_50(2), 
		 -> STR_49(2), STR_48(2), STR_47(2), STR_46(2), 
		 -> STR_45(2), STR_44(2), STR_43(2), STR_42(2), 
		 -> STR_41(2), STR_40(2), STR_39(2), STR_38(2), 
		 -> STR_37(2), STR_36(2), STR_35(2), STR_34(2), 
		 -> STR_33(2), STR_32(2), STR_31(2), STR_30(2), 
		 -> STR_29(2), STR_28(2), STR_27(2), STR_26(2), 
		 -> STR_25(2), STR_24(2), STR_23(2), STR_22(2), 
		 -> STR_21(2), STR_20(2), STR_19(2), STR_18(2), 
		 -> STR_17(2), STR_16(2), STR_15(2), STR_14(2), 
		 -> STR_13(2), STR_12(2), STR_11(2), STR_10(2), 
		 -> STR_9(2), STR_8(2), STR_7(2), STR_6(2), 
		 -> STR_5(2), STR_4(2), STR_3(5), STR_2(4), 
		 -> STR_1(4), 
  i               2    2[BANK0 ] int 
 Return value:  Size  Location     Type
                  1    wreg      void 
 Registers used:
		wreg, fsr0l, fsr0h, status,2, status,0, pclath, cstack
 Tracked objects:
		On entry : 
		On exit  : 
		Unchanged: 
 Data sizes:     COMMON   BANK0   BANK1   BANK3   BANK2
      Params:         0       0       0       0       0
      Locals:         0       3       0       0       0
      Temps:          0       0       0       0       0
      Totals:         0       3       0       0       0
Total ram usage:        3 bytes
 Hardware stack levels used:    1
 Hardware stack levels required when called:    3
 This function calls:
		_lcd_writechar
 This function is called by:
		_main
		_cntdisp
		_dispval1
		_dispval2
 This function uses a non-reentrant model


 *************** function _lcd_writechar *****************
 Defined at:
		line 123 in file "LCDISPLIBLB3.c"
 Parameters:    Size  Location     Type
  m               1    wreg     unsigned char 
 Auto vars:     Size  Location     Type
  m               1    6[COMMON] unsigned char 
 Return value:  Size  Location     Type
                  1    wreg      void 
 Registers used:
		wreg, status,2, status,0, pclath, cstack
 Tracked objects:
		On entry : 
		On exit  : 
		Unchanged: 
 Data sizes:     COMMON   BANK0   BANK1   BANK3   BANK2
      Params:         0       0       0       0       0
      Locals:         1       0       0       0       0
      Temps:          0       2       0       0       0
      Totals:         1       2       0       0       0
Total ram usage:        3 bytes
 Hardware stack levels used:    1
 Hardware stack levels required when called:    2
 This function calls:
		_lcd_databits
 This function is called by:
		_lcd_wstring
 This function uses a non-reentrant model


 *************** function _lcd_cursor_set *****************
 Defined at:
		line 133 in file "LCDISPLIBLB3.c"
 Parameters:    Size  Location     Type
  x               1    wreg     unsigned char 
  y               1    2[BANK0 ] unsigned char 
 Auto vars:     Size  Location     Type
  x               1    4[BANK0 ] unsigned char 
  a               1    5[BANK0 ] unsigned char 
 Return value:  Size  Location     Type
                  1    wreg      void 
 Registers used:
		wreg, status,2, status,0, pclath, cstack
 Tracked objects:
		On entry : 
		On exit  : 
		Unchanged: 
 Data sizes:     COMMON   BANK0   BANK1   BANK3   BANK2
      Params:         0       1       0       0       0
      Locals:         0       2       0       0       0
      Temps:          0       1       0       0       0
      Totals:         0       4       0       0       0
Total ram usage:        4 bytes
 Hardware stack levels used:    1
 Hardware stack levels required when called:    3
 This function calls:
		_lcd_inst
 This function is called by:
		_main
		_cntdisp
		_dispval1
		_dispval2
 This function uses a non-reentrant model


 *************** function _lcd_inst *****************
 Defined at:
		line 100 in file "LCDISPLIBLB3.c"
 Parameters:    Size  Location     Type
  iord            1    wreg     unsigned char 
 Auto vars:     Size  Location     Type
  iord            1    6[COMMON] unsigned char 
 Return value:  Size  Location     Type
                  1    wreg      void 
 Registers used:
		wreg, status,2, status,0, pclath, cstack
 Tracked objects:
		On entry : 
		On exit  : 
		Unchanged: 
 Data sizes:     COMMON   BANK0   BANK1   BANK3   BANK2
      Params:         0       0       0       0       0
      Locals:         1       0       0       0       0
      Temps:          0       2       0       0       0
      Totals:         1       2       0       0       0
Total ram usage:        3 bytes
 Hardware stack levels used:    1
 Hardware stack levels required when called:    2
 This function calls:
		_lcd_databits
 This function is called by:
		_lcd_start
		_lcd_cursor_set
		_lcd_clear
 This function uses a non-reentrant model


 *************** function _lcd_databits *****************
 Defined at:
		line 20 in file "LCDISPLIBLB3.c"
 Parameters:    Size  Location     Type
  data            1    wreg     unsigned char 
 Auto vars:     Size  Location     Type
  data            1    5[COMMON] unsigned char 
 Return value:  Size  Location     Type
                  1    wreg      void 
 Registers used:
		wreg
 Tracked objects:
		On entry : 
		On exit  : 
		Unchanged: 
 Data sizes:     COMMON   BANK0   BANK1   BANK3   BANK2
      Params:         0       0       0       0       0
      Locals:         1       0       0       0       0
      Temps:          0       0       0       0       0
      Totals:         1       0       0       0       0
Total ram usage:        1 bytes
 Hardware stack levels used:    1
 Hardware stack levels required when called:    1
 This function calls:
		Nothing
 This function is called by:
		_lcd_stinst5
		_lcd_stinst1
		_lcd_inst
		_lcd_writechar
		_lcd_char
 This function uses a non-reentrant model


 *************** function ___awmod *****************
 Defined at:
		line 5 in file "C:\Program Files (x86)\Microchip\xc8\v2.10\pic\sources\c90\common\awmod.c"
 Parameters:    Size  Location     Type
  divisor         2    0[BANK0 ] int 
  dividend        2    2[BANK0 ] int 
 Auto vars:     Size  Location     Type
  sign            1    5[BANK0 ] unsigned char 
  counter         1    4[BANK0 ] unsigned char 
 Return value:  Size  Location     Type
                  2    0[BANK0 ] int 
 Registers used:
		wreg, status,2, status,0
 Tracked objects:
		On entry : 
		On exit  : 
		Unchanged: 
 Data sizes:     COMMON   BANK0   BANK1   BANK3   BANK2
      Params:         0       4       0       0       0
      Locals:         0       2       0       0       0
      Temps:          1       0       0       0       0
      Totals:         1       6       0       0       0
Total ram usage:        7 bytes
 Hardware stack levels used:    1
 Hardware stack levels required when called:    1
 This function calls:
		Nothing
 This function is called by:
		_cntdisp
		_dispval1
		_dispval2
 This function uses a non-reentrant model


 *************** function ___awdiv *****************
 Defined at:
		line 5 in file "C:\Program Files (x86)\Microchip\xc8\v2.10\pic\sources\c90\common\awdiv.c"
 Parameters:    Size  Location     Type
  divisor         2    0[BANK0 ] int 
  dividend        2    2[BANK0 ] int 
 Auto vars:     Size  Location     Type
  quotient        2    6[BANK0 ] int 
  sign            1    5[BANK0 ] unsigned char 
  counter         1    4[BANK0 ] unsigned char 
 Return value:  Size  Location     Type
                  2    0[BANK0 ] int 
 Registers used:
		wreg, status,2, status,0
 Tracked objects:
		On entry : 
		On exit  : 
		Unchanged: 
 Data sizes:     COMMON   BANK0   BANK1   BANK3   BANK2
      Params:         0       4       0       0       0
      Locals:         0       4       0       0       0
      Temps:          1       0       0       0       0
      Totals:         1       8       0       0       0
Total ram usage:        9 bytes
 Hardware stack levels used:    1
 Hardware stack levels required when called:    1
 This function calls:
		Nothing
 This function is called by:
		_cntdisp
		_dispval1
		_dispval2
 This function uses a non-reentrant model


 *************** function ___xxtofl *****************
 Defined at:
		line 10 in file "C:\Program Files (x86)\Microchip\xc8\v2.10\pic\sources\c90\common\xxtofl.c"
 Parameters:    Size  Location     Type
  sign            1    wreg     unsigned char 
  val             4    0[BANK0 ] long 
 Auto vars:     Size  Location     Type
  sign            1    8[BANK0 ] unsigned char 
  arg             4   10[BANK0 ] unsigned long 
  exp             1    9[BANK0 ] unsigned char 
 Return value:  Size  Location     Type
                  4    0[BANK0 ] unsigned char 
 Registers used:
		wreg, status,2, status,0
 Tracked objects:
		On entry : 
		On exit  : 
		Unchanged: 
 Data sizes:     COMMON   BANK0   BANK1   BANK3   BANK2
      Params:         0       4       0       0       0
      Locals:         0       6       0       0       0
      Temps:          0       4       0       0       0
      Totals:         0      14       0       0       0
Total ram usage:       14 bytes
 Hardware stack levels used:    1
 Hardware stack levels required when called:    1
 This function calls:
		Nothing
 This function is called by:
		_main
 This function uses a non-reentrant model


 *************** function ___fldiv *****************
 Defined at:
		line 8 in file "C:\Program Files (x86)\Microchip\xc8\v2.10\pic\sources\c90\common\sprcdiv.c"
 Parameters:    Size  Location     Type
  a               4   14[BANK0 ] unsigned char 
  b               4   18[BANK0 ] unsigned char 
 Auto vars:     Size  Location     Type
  grs             4   34[BANK0 ] unsigned long 
  rem             4   27[BANK0 ] unsigned long 
  new_exp         2   32[BANK0 ] int 
  aexp            1   39[BANK0 ] unsigned char 
  bexp            1   38[BANK0 ] unsigned char 
  sign            1   31[BANK0 ] unsigned char 
 Return value:  Size  Location     Type
                  4   14[BANK0 ] unsigned char 
 Registers used:
		wreg, status,2, status,0, btemp+1
 Tracked objects:
		On entry : 
		On exit  : 
		Unchanged: 
 Data sizes:     COMMON   BANK0   BANK1   BANK3   BANK2
      Params:         0       8       0       0       0
      Locals:         0      13       0       0       0
      Temps:          0       5       0       0       0
      Totals:         0      26       0       0       0
Total ram usage:       26 bytes
 Hardware stack levels used:    1
 Hardware stack levels required when called:    1
 This function calls:
		Nothing
 This function is called by:
		_main
 This function uses a non-reentrant model


 *************** function _UART_Write *****************
 Defined at:
		line 37 in file "usartlib.c"
 Parameters:    Size  Location     Type
  data            1    wreg     unsigned char 
 Auto vars:     Size  Location     Type
  data            1    5[COMMON] unsigned char 
 Return value:  Size  Location     Type
                  1    wreg      void 
 Registers used:
		wreg
 Tracked objects:
		On entry : 
		On exit  : 
		Unchanged: 
 Data sizes:     COMMON   BANK0   BANK1   BANK3   BANK2
      Params:         0       0       0       0       0
      Locals:         1       0       0       0       0
      Temps:          0       0       0       0       0
      Totals:         1       0       0       0       0
Total ram usage:        1 bytes
 Hardware stack levels used:    1
 Hardware stack levels required when called:    1
 This function calls:
		Nothing
 This function is called by:
		_main
 This function uses a non-reentrant model


 *************** function _UART_Read *****************
 Defined at:
		line 42 in file "usartlib.c"
 Parameters:    Size  Location     Type
		None
 Auto vars:     Size  Location     Type
  intro           2    0[BANK0 ] int 
 Return value:  Size  Location     Type
                  1    wreg      unsigned char 
 Registers used:
		wreg
 Tracked objects:
		On entry : 
		On exit  : 
		Unchanged: 
 Data sizes:     COMMON   BANK0   BANK1   BANK3   BANK2
      Params:         0       0       0       0       0
      Locals:         0       2       0       0       0
      Temps:          2       0       0       0       0
      Totals:         2       2       0       0       0
Total ram usage:        4 bytes
 Hardware stack levels used:    1
 Hardware stack levels required when called:    1
 This function calls:
		Nothing
 This function is called by:
		_main
 This function uses a non-reentrant model


 *************** function _UART_Data_Ready *****************
 Defined at:
		line 51 in file "usartlib.c"
 Parameters:    Size  Location     Type
		None
 Auto vars:     Size  Location     Type
		None
 Return value:  Size  Location     Type
                  1    wreg      unsigned char 
 Registers used:
		wreg
 Tracked objects:
		On entry : 
		On exit  : 
		Unchanged: 
 Data sizes:     COMMON   BANK0   BANK1   BANK3   BANK2
      Params:         0       0       0       0       0
      Locals:         0       0       0       0       0
      Temps:          0       0       0       0       0
      Totals:         0       0       0       0       0
Total ram usage:        0 bytes
 Hardware stack levels used:    1
 Hardware stack levels required when called:    1
 This function calls:
		Nothing
 This function is called by:
		_main
 This function uses a non-reentrant model


 *************** function _ISR *****************
 Defined at:
		line 85 in file "LabLCDisp.c"
 Parameters:    Size  Location     Type
		None
 Auto vars:     Size  Location     Type
		None
 Return value:  Size  Location     Type
                  1    wreg      void 
 Registers used:
		wreg, fsr0l, fsr0h, status,2, status,0
 Tracked objects:
		On entry : 
		On exit  : 
		Unchanged: 
 Data sizes:     COMMON   BANK0   BANK1   BANK3   BANK2
      Params:         0       0       0       0       0
      Locals:         0       0       0       0       0
      Temps:          5       0       0       0       0
      Totals:         5       0       0       0       0
Total ram usage:        5 bytes
 Hardware stack levels used:    1
 This function calls:
		Nothing
 This function is called by:
		Interrupt level 1
 This function uses a non-reentrant model



MODULE INFORMATION

Module		Function		Class		Link	Load	Size
C:\Program Files (x86)\Microchip\xc8\v2.10\pic\sources\c90\common\awdiv.c
		___awdiv       		CODE           	0935	0000	106

C:\Program Files (x86)\Microchip\xc8\v2.10\pic\sources\c90\common\awdiv.c estimated size: 106

C:\Program Files (x86)\Microchip\xc8\v2.10\pic\sources\c90\common\fltol.c
		___fltol       		CODE           	0A16	0000	125

C:\Program Files (x86)\Microchip\xc8\v2.10\pic\sources\c90\common\fltol.c estimated size: 125

usartlib.c
		_UART_Read     		CODE           	1711	0000	18
		_UART_Data_Ready		CODE           	170B	0000	7
		_usart_setup   		CODE           	1722	0000	36
		_UART_Write    		CODE           	07F3	0000	13

usartlib.c estimated size: 74

LabLCDisp.c
		_ISR           		CODE           	089A	0000	65
		_main          		CODE           	0B4E	0000	302
		_cntdisp       		CODE           	0C7B	0000	425
		_dispval1      		CODE           	05AE	0000	541
		_dispval2      		CODE           	037E	0000	561

LabLCDisp.c estimated size: 1894

adclib.c
		_initADC       		CODE           	099E	0000	121

adclib.c estimated size: 121

LCDISPLIBLB3.c
		_lcd_start     		CODE           	0821	0000	60
		_lcd_databits  		CODE           	085C	0000	63
		_lcd_wstring   		CODE           	17D7	0000	42
		_lcd_stinst1   		CODE           	0802	0000	32
		_lcd_stinst5   		CODE           	178D	0000	37
		_lcd_cursor_set		CODE           	17B1	0000	39
		_lcd_inst      		CODE           	1745	0000	37
		_lcd_writechar 		CODE           	1769	0000	37

LCDISPLIBLB3.c estimated size: 347

C:\Program Files (x86)\Microchip\xc8\v2.10\pic\sources\c90\common\sprcmul.c
		___flmul       		CODE           	001D	0000	866

C:\Program Files (x86)\Microchip\xc8\v2.10\pic\sources\c90\common\sprcmul.c estimated size: 866

C:\Program Files (x86)\Microchip\xc8\v2.10\pic\sources\c90\common\Umul8_16.c
		__Umul8_16     		CODE           	07CA	0000	42

C:\Program Files (x86)\Microchip\xc8\v2.10\pic\sources\c90\common\Umul8_16.c estimated size: 42

C:\Program Files (x86)\Microchip\xc8\v2.10\pic\sources\c90\common\sprcdiv.c
		___fldiv       		CODE           	0E23	0000	478

C:\Program Files (x86)\Microchip\xc8\v2.10\pic\sources\c90\common\sprcdiv.c estimated size: 478

C:\Program Files (x86)\Microchip\xc8\v2.10\pic\sources\c90\common\xxtofl.c
		___xxtofl      		CODE           	0A92	0000	189

C:\Program Files (x86)\Microchip\xc8\v2.10\pic\sources\c90\common\xxtofl.c estimated size: 189

shared
		__stringtab    		STRING         	1000	0000	7
		__initialization		CODE           	0011	0000	9

shared estimated size: 16

C:\Program Files (x86)\Microchip\xc8\v2.10\pic\sources\c90\common\awmod.c
		___awmod       		CODE           	08DA	0000	92

C:\Program Files (x86)\Microchip\xc8\v2.10\pic\sources\c90\common\awmod.c estimated size: 92

