Microchip MPLAB XC8 Compiler V2.10 ()

Linker command line:

-W-3 --edf=C:\Program Files (x86)\Microchip\xc8\v2.10\pic\dat\en_msgs.txt \
  -cs -h+dist/default/production\LabLCD.X.production.sym \
  --cmf=dist/default/production\LabLCD.X.production.cmf -z -Q16F887 \
  -oC:\Users\DAVIDV~1\AppData\Local\Temp\sfeo.2 --defsym=__MPLAB_BUILD=1 \
  -Mdist/default/production/LabLCD.X.production.map -E1 -ver=XC8 \
  --acfsm=1493 -ASTACK=0110h-016Fh -pstack=STACK -ACODE=00h-07FFhx4 \
  -ASTRCODE=00h-01FFFh -ASTRING=00h-0FFhx32 -ACONST=00h-0FFhx32 \
  -AENTRY=00h-0FFhx32 -ACOMMON=070h-07Fh -ABANK0=020h-06Fh \
  -ABANK1=0A0h-0EFh -ABANK2=0110h-016Fh -ABANK3=0190h-01EFh \
  -ARAM=020h-06Fh,0A0h-0EFh,0110h-016Fh,0190h-01EFh \
  -AABS1=020h-07Fh,0A0h-0EFh,0110h-016Fh,0190h-01EFh -ASFR0=00h-01Fh \
  -ASFR1=080h-09Fh -ASFR2=0100h-010Fh -ASFR3=0180h-018Fh \
  -preset_vec=00h,intentry=04h,init,end_init -ppowerup=CODE -pcinit=CODE \
  -pfunctab=ENTRY -ACONFIG=02007h-02008h -pconfig=CONFIG -DCONFIG=2 \
  -AIDLOC=02000h-02003h -pidloc=IDLOC -DIDLOC=2 -AEEDATA=00h-0FFh/02100h \
  -peeprom_data=EEDATA -DEEDATA=2 -DCODE=2 -DSTRCODE=2 -DSTRING=2 -DCONST=2 \
  -DENTRY=2 -k C:\Users\DAVIDV~1\AppData\Local\Temp\sfeo.o \
  dist/default/production\LabLCD.X.production.o 

Object code version is 3.11

Machine type is 16F887



                Name                               Link     Load   Length Selector   Space Scale
C:\Users\DAVIDV~1\AppData\Local\Temp\sfeo.o
                end_init                              C        C        3        8       0
                reset_vec                             0        0        3        0       0
                config                             2007     2007        2     400E       0
dist/default/production\LabLCD.X.production.o
                cinit                                 F        F        7        8       0
                intentry                              4        4        8        8       0
                text9                               266      266       15        8       0
                text8                                B6       B6       94        8       0
                text7                               14A      14A       3E        8       0
                text6                               227      227       20        8       0
                text5                               1E6      1E6       21        8       0
                text4                               1C2      1C2       24        8       0
                text3                               247      247       1F        8       0
                text2                               207      207       20        8       0
                text1                               188      188       3A        8       0
                maintext                             16       16       A0        8       0
                cstackBANK0                          20       20        6       20       1
                cstackCOMMON                         70       70        B       70       1
                bssBANK0                             26       26        1       20       1

TOTAL           Name                               Link     Load   Length     Space
        CLASS   STACK          

        CLASS   CODE           
                end_init                              C        C        3         0
                cinit                                 F        F        7         0
                intentry                              4        4        8         0
                reset_vec                             0        0        3         0
                text9                               266      266       15         0
                text8                                B6       B6       94         0
                text7                               14A      14A       3E         0
                text6                               227      227       20         0
                text5                               1E6      1E6       21         0
                text4                               1C2      1C2       24         0
                text3                               247      247       1F         0
                text2                               207      207       20         0
                text1                               188      188       3A         0
                maintext                             16       16       A0         0

        CLASS   STRCODE        

        CLASS   STRING         

        CLASS   CONST          

        CLASS   ENTRY          

        CLASS   COMMON         
                cstackCOMMON                         70       70        B         1

        CLASS   BANK0          
                cstackBANK0                          20       20        6         1
                bssBANK0                             26       26        1         1

        CLASS   BANK1          

        CLASS   BANK2          

        CLASS   BANK3          

        CLASS   RAM            

        CLASS   ABS1           
                abs_s1                               7E       7E        2         1

        CLASS   SFR0           

        CLASS   SFR1           

        CLASS   SFR2           

        CLASS   SFR3           

        CLASS   CONFIG         
                config                             2007     2007        2         0

        CLASS   IDLOC          

        CLASS   EEDATA         



SEGMENTS        Name                           Load    Length   Top    Selector   Space  Class     Delta

                reset_vec                      000000  000003  000003         0       0  CODE        2
                intentry                       000004  000277  00027B         8       0  CODE        2
                cstackBANK0                    000020  000007  000027        20       1  BANK0       1
                cstackCOMMON                   000070  00000B  00007B        70       1  COMMON      1
                config                         002007  000002  002009      400E       0  CONFIG      2


UNUSED ADDRESS RANGES

        Name                Unused          Largest block    Delta
        BANK0            0027-006F             49           1
        BANK1            00A0-00EF             50           1
        BANK2            0110-016F             60           1
        BANK3            0190-01EF             60           1
        CODE             0003-0003              1           2
                         027B-1FFF            800
        COMMON           007B-007D              3           1
        CONST            0003-0003              1           2
                         027B-1FFF            100
        EEDATA           2100-21FF            100           2
        ENTRY            0003-0003              1           2
                         027B-1FFF            100
        IDLOC            2000-2003              4           2
        RAM              0027-006F             49           1
                         00A0-00EF             50
                         0110-016F             60
                         0190-01EF             60
        SFR0             0000-001F             20           1
        SFR1             0080-009F             20           1
        SFR2             0100-010F             10           1
        SFR3             0180-018F             10           1
        STACK            0110-016F             60           1
        STRCODE          0003-0003              1           2
                         027B-1FFF           1D85
        STRING           0003-0003              1           2
                         027B-1FFF            100

                                  Symbol Table

_ADCON0                   (abs)        001F
_ADCON0bits               (abs)        001F
_ADCON1                   (abs)        009F
_ADCON1bits               (abs)        009F
_ADRESH                   (abs)        001E
_ANSEL                    (abs)        0188
_ANSELH                   (abs)        0189
_INTCON                   (abs)        000B
_ISR                      text9        0266
_PIE1bits                 (abs)        008C
_PIR1bits                 (abs)        000C
_RA0                      (abs)        0028
_RA1                      (abs)        0029
_RA2                      (abs)        002A
_RA3                      (abs)        002B
_RA4                      (abs)        002C
_RA5                      (abs)        002D
_RA6                      (abs)        002E
_RA7                      (abs)        002F
_RD0                      (abs)        0040
_RD1                      (abs)        0041
_TRISA                    (abs)        0085
_TRISB                    (abs)        0086
_TRISD                    (abs)        0088
__CFG_BOR4V$BOR40V        (abs)        0000
__CFG_BOREN$OFF           (abs)        0000
__CFG_CP$OFF              (abs)        0000
__CFG_CPD$OFF             (abs)        0000
__CFG_FCMEN$OFF           (abs)        0000
__CFG_FOSC$INTRC_NOCLKOUT (abs)        0000
__CFG_IESO$OFF            (abs)        0000
__CFG_LVP$OFF             (abs)        0000
__CFG_MCLRE$OFF           (abs)        0000
__CFG_PWRTE$OFF           (abs)        0000
__CFG_WDTE$OFF            (abs)        0000
__CFG_WRT$OFF             (abs)        0000
__Habs1                   abs1         0000
__Hbank0                  bank0        0000
__Hbank1                  bank1        0000
__Hbank2                  bank2        0000
__Hbank3                  bank3        0000
__HbssBANK0               bssBANK0     0000
__Hcinit                  cinit        0016
__Hclrtext                clrtext      0000
__Hcode                   code         0000
__Hcommon                 common       0000
__Hconfig                 config       2009
__HcstackBANK0            cstackBANK0  0000
__HcstackCOMMON           cstackCOMMON 0000
__Heeprom_data            eeprom_data  0000
__Hend_init               end_init     000F
__Hfunctab                functab      0000
__Hidloc                  idloc        0000
__Hinit                   init         000C
__Hintentry               intentry     000C
__Hmaintext               maintext     0000
__Hpowerup                powerup      0000
__Hram                    ram          0000
__Hreset_vec              reset_vec    0003
__Hsfr0                   sfr0         0000
__Hsfr1                   sfr1         0000
__Hsfr2                   sfr2         0000
__Hsfr3                   sfr3         0000
__Hspace_0                (abs)        2009
__Hspace_1                (abs)        007B
__Hspace_2                (abs)        0000
__Hspace_3                (abs)        0000
__Hstack                  stack        0000
__Hstrings                strings      0000
__Htext                   text         0000
__Labs1                   abs1         0000
__Lbank0                  bank0        0000
__Lbank1                  bank1        0000
__Lbank2                  bank2        0000
__Lbank3                  bank3        0000
__LbssBANK0               bssBANK0     0000
__Lcinit                  cinit        000F
__Lclrtext                clrtext      0000
__Lcode                   code         0000
__Lcommon                 common       0000
__Lconfig                 config       2007
__LcstackBANK0            cstackBANK0  0000
__LcstackCOMMON           cstackCOMMON 0000
__Leeprom_data            eeprom_data  0000
__Lend_init               end_init     000C
__Lfunctab                functab      0000
__Lidloc                  idloc        0000
__Linit                   init         000C
__Lintentry               intentry     0004
__Lmaintext               maintext     0000
__Lpowerup                powerup      0000
__Lram                    ram          0000
__Lreset_vec              reset_vec    0000
__Lsfr0                   sfr0         0000
__Lsfr1                   sfr1         0000
__Lsfr2                   sfr2         0000
__Lsfr3                   sfr3         0000
__Lspace_0                (abs)        0000
__Lspace_1                (abs)        0000
__Lspace_2                (abs)        0000
__Lspace_3                (abs)        0000
__Lstack                  stack        0000
__Lstrings                strings      0000
__Ltext                   text         0000
__S0                      (abs)        2009
__S1                      (abs)        007B
__S2                      (abs)        0000
__S3                      (abs)        0000
___int_sp                 stack        0000
___latbits                (abs)        0002
___sp                     stack        0000
___stackhi                (abs)        0000
___stacklo                (abs)        0000
__end_of_ISR              text9        027B
__end_of__initialization  cinit        0012
__end_of_initADC          text8        014A
__end_of_lcd_char         text6        0247
__end_of_lcd_cursor_set   text4        01E6
__end_of_lcd_databits     text7        0188
__end_of_lcd_inst         text5        0207
__end_of_lcd_start        text1        01C2
__end_of_lcd_stinst1      text3        0266
__end_of_lcd_stinst5      text2        0227
__end_of_main             maintext     00B6
__initialization          cinit        000F
__pbssBANK0               bssBANK0     0026
__pcstackBANK0            cstackBANK0  0020
__pcstackCOMMON           cstackCOMMON 0070
__pintentry               intentry     0004
__pmaintext               maintext     0016
__ptext1                  text1        0188
__ptext2                  text2        0207
__ptext3                  text3        0247
__ptext4                  text4        01C2
__ptext5                  text5        01E6
__ptext6                  text6        0227
__ptext7                  text7        014A
__ptext8                  text8        00B6
__ptext9                  text9        0266
__size_of_ISR             (abs)        0000
__size_of_initADC         (abs)        0000
__size_of_lcd_char        (abs)        0000
__size_of_lcd_cursor_set  (abs)        0000
__size_of_lcd_databits    (abs)        0000
__size_of_lcd_inst        (abs)        0000
__size_of_lcd_start       (abs)        0000
__size_of_lcd_stinst1     (abs)        0000
__size_of_lcd_stinst5     (abs)        0000
__size_of_main            (abs)        0000
_initADC                  text8        00B6
_lcd_char                 text6        0227
_lcd_cursor_set           text4        01C2
_lcd_databits             text7        014A
_lcd_inst                 text5        01E6
_lcd_start                text1        0188
_lcd_stinst1              text3        0247
_lcd_stinst5              text2        0207
_main                     maintext     0016
_potval                   bssBANK0     0026
btemp                     (abs)        007E
end_of_initialization     cinit        0012
initADC@var1              cstackCOMMON 0075
interrupt_function        intentry     0004
intlevel0                 functab      0000
intlevel1                 functab      0000
intlevel2                 functab      0000
intlevel3                 functab      0000
intlevel4                 functab      0000
intlevel5                 functab      0000
lcd_char@iord             cstackCOMMON 0076
lcd_cursor_set@a          cstackCOMMON 007A
lcd_cursor_set@x          cstackCOMMON 0079
lcd_cursor_set@y          cstackCOMMON 0077
lcd_databits@data         cstackCOMMON 0073
lcd_inst@iord             cstackCOMMON 0076
lcd_stinst1@iord          cstackCOMMON 0075
lcd_stinst5@iord          cstackCOMMON 0076
main@contsa               cstackBANK0  0025
main@pothim               cstackBANK0  0023
main@potlom               cstackBANK0  0024
reset_vec                 reset_vec    0000
saved_w                   (abs)        007E
start                     init         000C
start_initialization      cinit        000F
wtemp0                    (abs)        007E


FUNCTION INFORMATION:

 *************** function _main *****************
 Defined at:
		line 50 in file "LabLCDisp.c"
 Parameters:    Size  Location     Type
		None
 Auto vars:     Size  Location     Type
  ancha           1    0        unsigned char 
  contsa          1    5[BANK0 ] unsigned char 
  potlom          1    4[BANK0 ] unsigned char 
  pothim          1    3[BANK0 ] unsigned char 
  plo             1    0        unsigned char 
  phi             1    0        unsigned char 
 Return value:  Size  Location     Type
                  1    wreg      void 
 Registers used:
		wreg, fsr0l, fsr0h, status,2, status,0, pclath, cstack
 Tracked objects:
		On entry : 
		On exit  : 
		Unchanged: 
 Data sizes:     COMMON   BANK0   BANK1   BANK3   BANK2
      Params:         0       0       0       0       0
      Locals:         0       6       0       0       0
      Temps:          0       1       0       0       0
      Totals:         0       7       0       0       0
Total ram usage:        7 bytes
 Hardware stack levels required when called:    4
 This function calls:
		_initADC
		_lcd_char
		_lcd_cursor_set
		_lcd_start
 This function is called by:
		Startup code after reset
 This function uses a non-reentrant model


 *************** function _lcd_start *****************
 Defined at:
		line 115 in file "LCDISPLIBLB3.c"
 Parameters:    Size  Location     Type
		None
 Auto vars:     Size  Location     Type
		None
 Return value:  Size  Location     Type
                  1    wreg      void 
 Registers used:
		wreg, status,2, status,0, pclath, cstack
 Tracked objects:
		On entry : 
		On exit  : 
		Unchanged: 
 Data sizes:     COMMON   BANK0   BANK1   BANK3   BANK2
      Params:         0       0       0       0       0
      Locals:         0       0       0       0       0
      Temps:          2       0       0       0       0
      Totals:         2       0       0       0       0
Total ram usage:        2 bytes
 Hardware stack levels used:    1
 Hardware stack levels required when called:    3
 This function calls:
		_lcd_inst
		_lcd_stinst1
		_lcd_stinst5
 This function is called by:
		_main
 This function uses a non-reentrant model


 *************** function _lcd_stinst5 *****************
 Defined at:
		line 81 in file "LCDISPLIBLB3.c"
 Parameters:    Size  Location     Type
  iord            1    wreg     unsigned char 
 Auto vars:     Size  Location     Type
  iord            1    6[COMMON] unsigned char 
 Return value:  Size  Location     Type
                  1    wreg      void 
 Registers used:
		wreg, status,2, status,0, pclath, cstack
 Tracked objects:
		On entry : 
		On exit  : 
		Unchanged: 
 Data sizes:     COMMON   BANK0   BANK1   BANK3   BANK2
      Params:         0       0       0       0       0
      Locals:         1       0       0       0       0
      Temps:          2       0       0       0       0
      Totals:         3       0       0       0       0
Total ram usage:        3 bytes
 Hardware stack levels used:    1
 Hardware stack levels required when called:    2
 This function calls:
		_lcd_databits
 This function is called by:
		_lcd_start
 This function uses a non-reentrant model


 *************** function _lcd_stinst1 *****************
 Defined at:
		line 90 in file "LCDISPLIBLB3.c"
 Parameters:    Size  Location     Type
  iord            1    wreg     unsigned char 
 Auto vars:     Size  Location     Type
  iord            1    5[COMMON] unsigned char 
 Return value:  Size  Location     Type
                  1    wreg      void 
 Registers used:
		wreg, status,2, status,0, pclath, cstack
 Tracked objects:
		On entry : 
		On exit  : 
		Unchanged: 
 Data sizes:     COMMON   BANK0   BANK1   BANK3   BANK2
      Params:         0       0       0       0       0
      Locals:         1       0       0       0       0
      Temps:          1       0       0       0       0
      Totals:         2       0       0       0       0
Total ram usage:        2 bytes
 Hardware stack levels used:    1
 Hardware stack levels required when called:    2
 This function calls:
		_lcd_databits
 This function is called by:
		_lcd_start
 This function uses a non-reentrant model


 *************** function _lcd_cursor_set *****************
 Defined at:
		line 154 in file "LCDISPLIBLB3.c"
 Parameters:    Size  Location     Type
  x               1    wreg     unsigned char 
  y               1    7[COMMON] unsigned char 
 Auto vars:     Size  Location     Type
  x               1    9[COMMON] unsigned char 
  a               1   10[COMMON] unsigned char 
 Return value:  Size  Location     Type
                  1    wreg      void 
 Registers used:
		wreg, status,2, status,0, pclath, cstack
 Tracked objects:
		On entry : 
		On exit  : 
		Unchanged: 
 Data sizes:     COMMON   BANK0   BANK1   BANK3   BANK2
      Params:         1       0       0       0       0
      Locals:         2       0       0       0       0
      Temps:          1       0       0       0       0
      Totals:         4       0       0       0       0
Total ram usage:        4 bytes
 Hardware stack levels used:    1
 Hardware stack levels required when called:    3
 This function calls:
		_lcd_inst
 This function is called by:
		_main
 This function uses a non-reentrant model


 *************** function _lcd_inst *****************
 Defined at:
		line 100 in file "LCDISPLIBLB3.c"
 Parameters:    Size  Location     Type
  iord            1    wreg     unsigned char 
 Auto vars:     Size  Location     Type
  iord            1    6[COMMON] unsigned char 
 Return value:  Size  Location     Type
                  1    wreg      void 
 Registers used:
		wreg, status,2, status,0, pclath, cstack
 Tracked objects:
		On entry : 
		On exit  : 
		Unchanged: 
 Data sizes:     COMMON   BANK0   BANK1   BANK3   BANK2
      Params:         0       0       0       0       0
      Locals:         1       0       0       0       0
      Temps:          2       0       0       0       0
      Totals:         3       0       0       0       0
Total ram usage:        3 bytes
 Hardware stack levels used:    1
 Hardware stack levels required when called:    2
 This function calls:
		_lcd_databits
 This function is called by:
		_lcd_start
		_lcd_cursor_set
		_lcd_clear
 This function uses a non-reentrant model


 *************** function _lcd_char *****************
 Defined at:
		line 72 in file "LCDISPLIBLB3.c"
 Parameters:    Size  Location     Type
  iord            1    wreg     unsigned char 
 Auto vars:     Size  Location     Type
  iord            1    6[COMMON] unsigned char 
 Return value:  Size  Location     Type
                  1    wreg      void 
 Registers used:
		wreg, status,2, status,0, pclath, cstack
 Tracked objects:
		On entry : 
		On exit  : 
		Unchanged: 
 Data sizes:     COMMON   BANK0   BANK1   BANK3   BANK2
      Params:         0       0       0       0       0
      Locals:         1       0       0       0       0
      Temps:          2       0       0       0       0
      Totals:         3       0       0       0       0
Total ram usage:        3 bytes
 Hardware stack levels used:    1
 Hardware stack levels required when called:    2
 This function calls:
		_lcd_databits
 This function is called by:
		_main
 This function uses a non-reentrant model


 *************** function _lcd_databits *****************
 Defined at:
		line 20 in file "LCDISPLIBLB3.c"
 Parameters:    Size  Location     Type
  data            1    wreg     unsigned char 
 Auto vars:     Size  Location     Type
  data            1    3[COMMON] unsigned char 
 Return value:  Size  Location     Type
                  1    wreg      void 
 Registers used:
		wreg
 Tracked objects:
		On entry : 
		On exit  : 
		Unchanged: 
 Data sizes:     COMMON   BANK0   BANK1   BANK3   BANK2
      Params:         0       0       0       0       0
      Locals:         1       0       0       0       0
      Temps:          0       0       0       0       0
      Totals:         1       0       0       0       0
Total ram usage:        1 bytes
 Hardware stack levels used:    1
 Hardware stack levels required when called:    1
 This function calls:
		Nothing
 This function is called by:
		_lcd_char
		_lcd_stinst5
		_lcd_stinst1
		_lcd_inst
		_lcd_wchar
		_lcd_writechar
 This function uses a non-reentrant model


 *************** function _initADC *****************
 Defined at:
		line 12 in file "adclib.c"
 Parameters:    Size  Location     Type
  var1            1    wreg     unsigned char 
 Auto vars:     Size  Location     Type
  var1            1    5[COMMON] unsigned char 
 Return value:  Size  Location     Type
                  1    wreg      void 
 Registers used:
		wreg, fsr0l, fsr0h, status,2, status,0
 Tracked objects:
		On entry : 
		On exit  : 
		Unchanged: 
 Data sizes:     COMMON   BANK0   BANK1   BANK3   BANK2
      Params:         0       0       0       0       0
      Locals:         1       0       0       0       0
      Temps:          2       0       0       0       0
      Totals:         3       0       0       0       0
Total ram usage:        3 bytes
 Hardware stack levels used:    1
 Hardware stack levels required when called:    1
 This function calls:
		Nothing
 This function is called by:
		_main
 This function uses a non-reentrant model


 *************** function _ISR *****************
 Defined at:
		line 40 in file "LabLCDisp.c"
 Parameters:    Size  Location     Type
		None
 Auto vars:     Size  Location     Type
		None
 Return value:  Size  Location     Type
                  1    wreg      void 
 Registers used:
		wreg
 Tracked objects:
		On entry : 
		On exit  : 
		Unchanged: 
 Data sizes:     COMMON   BANK0   BANK1   BANK3   BANK2
      Params:         0       0       0       0       0
      Locals:         0       0       0       0       0
      Temps:          3       0       0       0       0
      Totals:         3       0       0       0       0
Total ram usage:        3 bytes
 Hardware stack levels used:    1
 This function calls:
		Nothing
 This function is called by:
		Interrupt level 1
 This function uses a non-reentrant model



MODULE INFORMATION

Module		Function		Class		Link	Load	Size
LabLCDisp.c
		_ISR           		CODE           	0266	0000	22
		_main          		CODE           	0016	0000	161

LabLCDisp.c estimated size: 183

adclib.c
		_initADC       		CODE           	00B6	0000	149

adclib.c estimated size: 149

LCDISPLIBLB3.c
		_lcd_start     		CODE           	0188	0000	59
		_lcd_databits  		CODE           	014A	0000	63
		_lcd_char      		CODE           	0227	0000	33
		_lcd_stinst1   		CODE           	0247	0000	32
		_lcd_stinst5   		CODE           	0207	0000	33
		_lcd_cursor_set		CODE           	01C2	0000	37
		_lcd_inst      		CODE           	01E6	0000	34

LCDISPLIBLB3.c estimated size: 291

shared
		__initialization		CODE           	000F	0000	4

shared estimated size: 4

